<html>
<body>
<pre>
<h1>µVision Build Log</h1>
<h2>Tool Versions:</h2>
IDE-Version: µVision V5.25.0.0
Copyright (C) 2017 ARM Ltd and ARM Germany GmbH. All rights reserved.
License Information: Kapil Sharma, Jellyfish Technology, LIC=3UUAR-K24BZ-TIT5L-0E46U-ISF4L-FWYC2
 
Tool Versions:
Toolchain:       MDK-ARM Professional  Version: 5.25.0.0
Toolchain Path:  C:\Keil_v5\ARM\ARMCC\Bin
C Compiler:      Armcc.exe V5.06 update 6 (build 750)
Assembler:       Armasm.exe V5.06 update 6 (build 750)
Linker/Locator:  ArmLink.exe V5.06 update 6 (build 750)
Library Manager: ArmAr.exe V5.06 update 6 (build 750)
Hex Converter:   FromElf.exe V5.06 update 6 (build 750)
CPU DLL:         SARMCM3.DLL V5.25.0.0
Dialog DLL:      DCM.DLL V1.17.0.0
Target DLL:      STLink\ST-LINKIII-KEIL_SWO.dll V3.0.1.0
Dialog DLL:      TCM.DLL V1.34.0.0
 
<h2>Project:</h2>
D:\Projects\usbotgMridul\Project\Demonstration\MDK-ARM\STM32F4-Discovery_Demo.uvprojx
Project File Date:  02/11/2019

<h2>Output:</h2>
*** Using Compiler 'V5.06 update 6 (build 750)', folder: 'C:\Keil_v5\ARM\ARMCC\Bin'
Build target 'Demo'
compiling main.c...
..\main.c(186): warning:  #167-D: argument of type "char *" is incompatible with parameter of type "uint8_t *"
  					len = USBH_ADK_read(&USB_OTG_Core_dev, msg, sizeof(msg));
..\main.c(200): warning:  #167-D: argument of type "char *" is incompatible with parameter of type "uint8_t *"
  				USBH_ADK_write(&USB_OTG_Core_dev, msg, sizeof(msg));			
..\main.c(222): warning:  #188-D: enumerated type mixed with another type
  		GPIO_WriteBit(GPIOA, GPIO_Pin_8, 1);   //ctl1
..\main.c(223): warning:  #188-D: enumerated type mixed with another type
  		GPIO_WriteBit(GPIOB, GPIO_Pin_15, 1);   //ctl2
..\main.c(224): warning:  #188-D: enumerated type mixed with another type
  		GPIO_WriteBit(GPIOB, GPIO_Pin_14, 1);   //ctl3     
..\main.c(225): warning:  #188-D: enumerated type mixed with another type
  		GPIO_WriteBit(GPIOB, GPIO_Pin_0, 1);   //boost enable 
..\main.c(233): warning:  #167-D: argument of type "char *" is incompatible with parameter of type "uint8_t *"
  		USBH_ADK_Init(mftr, mdl, desc, ver,uri,sr);	
..\main.c(233): warning:  #167-D: argument of type "char *" is incompatible with parameter of type "uint8_t *"
  		USBH_ADK_Init(mftr, mdl, desc, ver,uri,sr);	
..\main.c(233): warning:  #167-D: argument of type "char *" is incompatible with parameter of type "uint8_t *"
  		USBH_ADK_Init(mftr, mdl, desc, ver,uri,sr);	
..\main.c(233): warning:  #167-D: argument of type "char *" is incompatible with parameter of type "uint8_t *"
  		USBH_ADK_Init(mftr, mdl, desc, ver,uri,sr);	
..\main.c(233): warning:  #167-D: argument of type "char *" is incompatible with parameter of type "uint8_t *"
  		USBH_ADK_Init(mftr, mdl, desc, ver,uri,sr);	
..\main.c(233): warning:  #167-D: argument of type "char *" is incompatible with parameter of type "uint8_t *"
  		USBH_ADK_Init(mftr, mdl, desc, ver,uri,sr);	
..\main.c(243): warning:  #188-D: enumerated type mixed with another type
  		GPIO_WriteBit(GPIOA, GPIO_Pin_8, 1);   //ctl1
..\main.c(244): warning:  #188-D: enumerated type mixed with another type
  		GPIO_WriteBit(GPIOB, GPIO_Pin_15, 1);   //ctl2
..\main.c(245): warning:  #188-D: enumerated type mixed with another type
  		GPIO_WriteBit(GPIOB, GPIO_Pin_14, 1);   //ctl3     
..\main.c(246): warning:  #188-D: enumerated type mixed with another type
  		GPIO_WriteBit(GPIOB, GPIO_Pin_0, 1);   //boost enable 
..\main.c(250): warning:  #188-D: enumerated type mixed with another type
  		GPIO_WriteBit(GPIOA, GPIO_Pin_8, 0);   //ctl1
..\main.c(251): warning:  #188-D: enumerated type mixed with another type
  		GPIO_WriteBit(GPIOB, GPIO_Pin_15, 0);   //ctl2
..\main.c(252): warning:  #188-D: enumerated type mixed with another type
  		GPIO_WriteBit(GPIOB, GPIO_Pin_14, 0);   //ctl3     
..\main.c(253): warning:  #188-D: enumerated type mixed with another type
  		GPIO_WriteBit(GPIOB, GPIO_Pin_0, 0);   //boost enable 
..\main.c(339): warning:  #188-D: enumerated type mixed with another type
    GPIO_WriteBit(GPIOC, GPIO_Pin_14, led1);
..\main.c(340): warning:  #188-D: enumerated type mixed with another type
    GPIO_WriteBit(GPIOC, GPIO_Pin_13, led2);
..\main.c(341): warning:  #188-D: enumerated type mixed with another type
    GPIO_WriteBit(GPIOB, GPIO_Pin_8, led3);
..\main.c(342): warning:  #188-D: enumerated type mixed with another type
    GPIO_WriteBit(GPIOB, GPIO_Pin_5, led4);
..\main.c(442): warning:  #1035-D: single-precision operand implicitly converted to double-precision
      voltage += .020;
..\main.c(444): warning:  #1035-D: single-precision operand implicitly converted to double-precision
      voltage += .040;
..\main.c(446): warning:  #1035-D: single-precision operand implicitly converted to double-precision
      voltage += .080;
..\main.c(448): warning:  #1035-D: single-precision operand implicitly converted to double-precision
      voltage += .160;
..\main.c(450): warning:  #1035-D: single-precision operand implicitly converted to double-precision
      voltage += .320;
..\main.c(452): warning:  #1035-D: single-precision operand implicitly converted to double-precision
      voltage += .640;
..\main.c(454): warning:  #1035-D: single-precision operand implicitly converted to double-precision
      voltage += 1.280;  
..\main.c(473): warning:  #1035-D: single-precision operand implicitly converted to double-precision
    if(voltage >= 2.9 && voltage < 3.225){
..\main.c(473): warning:  #1035-D: single-precision operand implicitly converted to double-precision
    if(voltage >= 2.9 && voltage < 3.225){
..\main.c(476): warning:  #1035-D: single-precision operand implicitly converted to double-precision
    if(voltage >= 3.225 && voltage < 3.55){
..\main.c(476): warning:  #1035-D: single-precision operand implicitly converted to double-precision
    if(voltage >= 3.225 && voltage < 3.55){
..\main.c(479): warning:  #1035-D: single-precision operand implicitly converted to double-precision
    if(voltage >= 3.55 && voltage < 3.875){
..\main.c(479): warning:  #1035-D: single-precision operand implicitly converted to double-precision
    if(voltage >= 3.55 && voltage < 3.875){
..\main.c(482): warning:  #1035-D: single-precision operand implicitly converted to double-precision
    if(voltage >= 3.875 && voltage < 4.2){
..\main.c(482): warning:  #1035-D: single-precision operand implicitly converted to double-precision
    if(voltage >= 3.875 && voltage < 4.2){
..\main.c: 39 warnings, 0 errors
linking...
Program Size: Code=19092 RO-data=464 RW-data=648 ZI-data=3784  
FromELF: creating hex file...
".\Demo\Demo.axf" - 0 Error(s), 39 Warning(s).

<h2>Software Packages used:</h2>

Package Vendor: Keil
                http://www.keil.com/pack/Keil.STM32F4xx_DFP.2.13.0.pack
                Keil.STM32F4xx_DFP.2.13.0
                STMicroelectronics STM32F4 Series Device Support, Drivers and Examples

<h2>Collection of Component include folders:</h2>
  .\RTE\_Demo
  C:\Keil_v5\ARM\PACK\Keil\STM32F4xx_DFP\2.13.0\Drivers\CMSIS\Device\ST\STM32F4xx\Include

<h2>Collection of Component Files used:</h2>
Build Time Elapsed:  00:00:01
</pre>
</body>
</html>
